../Core/Src/main.c:93:5:poll_accel	56	dynamic
../Core/Src/main.c:114:6:punch	16	static
../Core/Src/main.c:143:6:punch_logic	16	static
../Core/Src/main.c:175:6:bit_extract	24	static
../Core/Src/main.c:203:6:poll_ddr	32	static
../Core/Src/main.c:274:5:left_pos_change	32	static
../Core/Src/main.c:295:5:right_pos_change	32	static
../Core/Src/main.c:317:6:move	24	static
../Core/Src/main.c:335:5:main	72	dynamic
../Core/Src/main.c:477:6:SystemClock_Config	96	static
../Core/Src/main.c:522:13:MX_SPI1_Init	8	static
../Core/Src/main.c:562:13:MX_TIM1_Init	112	static
../Core/Src/main.c:642:13:MX_TIM4_Init	64	static
../Core/Src/main.c:701:13:MX_USART1_UART_Init	8	static
../Core/Src/main.c:749:13:MX_GPIO_Init	64	static
../Core/Src/main.c:966:6:Error_Handler	4	static,ignoring_inline_asm
